// Jest Snapshot v1, https://goo.gl/fbAQLP

exports[`Button component matches snapshot 1`] = `
<DocumentFragment>
  <div>
    <button
      class="custom-btn"
      type="button"
    >
      Click Me
    </button>
  </div>
</DocumentFragment>
`;
